../Drivers/CMSIS/Include/core_cm4.h:1676:26:__NVIC_GetPriorityGrouping	1
../Drivers/CMSIS/Include/core_cm4.h:1688:22:__NVIC_EnableIRQ	2
../Drivers/CMSIS/Include/core_cm4.h:1816:22:__NVIC_SetPriority	2
../Drivers/CMSIS/Include/core_cm4.h:1863:26:NVIC_EncodePriority	2
../Drivers/STM32F4xx_HAL_Driver/Inc/stm32f4xx_ll_adc.h:2490:22:LL_ADC_REG_SetSequencerRanks	1
../Drivers/STM32F4xx_HAL_Driver/Inc/stm32f4xx_ll_adc.h:2722:22:LL_ADC_REG_SetFlagEndOfConversion	1
../Drivers/STM32F4xx_HAL_Driver/Inc/stm32f4xx_ll_adc.h:3276:22:LL_ADC_SetChannelSamplingTime	1
../Drivers/STM32F4xx_HAL_Driver/Inc/stm32f4xx_ll_adc.h:4572:22:LL_ADC_EnableIT_EOCS	1
../Drivers/STM32F4xx_HAL_Driver/Inc/stm32f4xx_ll_rcc.h:2987:22:LL_RCC_HSI_Enable	1
../Drivers/STM32F4xx_HAL_Driver/Inc/stm32f4xx_ll_rcc.h:3007:26:LL_RCC_HSI_IsReady	1
../Drivers/STM32F4xx_HAL_Driver/Inc/stm32f4xx_ll_rcc.h:3033:22:LL_RCC_HSI_SetCalibTrimming	1
../Drivers/STM32F4xx_HAL_Driver/Inc/stm32f4xx_ll_rcc.h:3188:22:LL_RCC_SetSysClkSource	1
../Drivers/STM32F4xx_HAL_Driver/Inc/stm32f4xx_ll_rcc.h:3204:26:LL_RCC_GetSysClkSource	1
../Drivers/STM32F4xx_HAL_Driver/Inc/stm32f4xx_ll_rcc.h:3224:22:LL_RCC_SetAHBPrescaler	1
../Drivers/STM32F4xx_HAL_Driver/Inc/stm32f4xx_ll_rcc.h:3240:22:LL_RCC_SetAPB1Prescaler	1
../Drivers/STM32F4xx_HAL_Driver/Inc/stm32f4xx_ll_rcc.h:3256:22:LL_RCC_SetAPB2Prescaler	1
../Drivers/STM32F4xx_HAL_Driver/Inc/stm32f4xx_ll_rcc.h:4153:22:LL_RCC_SetTIMPrescaler	1
../Drivers/STM32F4xx_HAL_Driver/Inc/stm32f4xx_ll_rcc.h:4184:22:LL_RCC_PLL_Enable	1
../Drivers/STM32F4xx_HAL_Driver/Inc/stm32f4xx_ll_rcc.h:4205:26:LL_RCC_PLL_IsReady	1
../Drivers/STM32F4xx_HAL_Driver/Inc/stm32f4xx_ll_rcc.h:4304:22:LL_RCC_PLL_ConfigDomain_SYS	1
../Drivers/STM32F4xx_HAL_Driver/Inc/stm32f4xx_ll_bus.h:409:22:LL_AHB1_GRP1_EnableClock	1
../Drivers/STM32F4xx_HAL_Driver/Inc/stm32f4xx_ll_bus.h:1185:22:LL_APB1_GRP1_EnableClock	1
../Drivers/STM32F4xx_HAL_Driver/Inc/stm32f4xx_ll_bus.h:1704:22:LL_APB2_GRP1_EnableClock	1
../Drivers/STM32F4xx_HAL_Driver/Inc/stm32f4xx_ll_system.h:1543:22:LL_FLASH_SetLatency	1
../Drivers/STM32F4xx_HAL_Driver/Inc/stm32f4xx_ll_system.h:1569:26:LL_FLASH_GetLatency	1
../Drivers/STM32F4xx_HAL_Driver/Inc/stm32f4xx_ll_pwr.h:505:22:LL_PWR_SetRegulVoltageScaling	1
../Drivers/STM32F4xx_HAL_Driver/Inc/stm32f4xx_ll_pwr.h:883:26:LL_PWR_IsActiveFlag_VOS	1
../Drivers/STM32F4xx_HAL_Driver/Inc/stm32f4xx_ll_tim.h:1315:22:LL_TIM_DisableARRPreload	1
../Drivers/STM32F4xx_HAL_Driver/Inc/stm32f4xx_ll_tim.h:1922:22:LL_TIM_OC_DisableFast	7
../Drivers/STM32F4xx_HAL_Driver/Inc/stm32f4xx_ll_tim.h:2737:22:LL_TIM_SetTriggerOutput	1
../Drivers/STM32F4xx_HAL_Driver/Inc/stm32f4xx_ll_tim.h:2803:22:LL_TIM_DisableMasterSlaveMode	1
../Drivers/STM32F4xx_HAL_Driver/Inc/stm32f4xx_ll_gpio.h:910:22:LL_GPIO_ResetOutputPin	1
../Core/Src/main.c:73:6:HAL_TIM_IC_CaptureCallback	3
../Core/Src/main.c:96:5:main	4
../Core/Src/main.c:184:6:SystemClock_Config	7
../Core/Src/main.c:235:13:MX_ADC1_Init	1
../Core/Src/main.c:299:13:MX_TIM3_Init	1
../Core/Src/main.c:349:13:MX_TIM4_Init	6
../Core/Src/main.c:407:13:MX_USART2_UART_Init	2
../Core/Src/main.c:440:13:MX_GPIO_Init	1
../Core/Src/main.c:491:6:Error_Handler	1
